// Jest Snapshot v1, https://goo.gl/fbAQLP

exports[`Component: LabDraftOrder should render on initial setup 1`] = `
<div
  className="draft-spacing draft-lab-layout"
>
  <h5
    className="h5-draft-header"
  >
    Unsaved Draft Orders (
    1
    )
  </h5>
  <div
    className="table-container"
  >
    <ul
      className="draft-list-container"
    >
      <li
        className="draft-list small-font"
        key="draft-order-prothrombin"
      >
        <span
          className="draft-name"
        >
          prothrombin
        </span>
        <div
          className="action-btn-wrapper"
        >
          <span
            className="action-btn"
          >
            <a
              href="#"
              id="draft-toggle-btn"
              onClick={[Function]}
            >
              <i
                className="scale i-gray"
                title="Urgency"
              >
                â–²
              </i>
            </a>
          </span>
          <span
            className="action-btn right"
          >
            <a
              href="#"
              id="draft-discard-btn"
              onClick={[Function]}
            >
              <i
                className="icon-remove scale"
                title="Discard"
              />
            </a>
          </span>
        </div>
      </li>
    </ul>
  </div>
  <br />
  <input
    className="button cancel modified-btn"
    disabled={false}
    id="draft-discard-all"
    onClick={[Function]}
    type="button"
    value="Discard"
  />
  <input
    className="button confirm right modified-btn"
    disabled={false}
    onClick={[MockFunction]}
    type="submit"
    value="{ <FormattedMessage id=\\"app.orders.signandsave\\" defaultMessage=\\"Sign and Save\\" description=\\"All\\" /> }"
  />
</div>
`;
